Microchip MPLAB XC8 Compiler V1.40 ()

Linker command line:

-W-3 --edf=C:\Program Files (x86)\Microchip\xc8\v1.40\dat\en_msgs.txt -cs \
  -h+dist/default/production\adxl355z_lib.X.production.sym \
  --cmf=dist/default/production\adxl355z_lib.X.production.cmf -z -Q18F2520 \
  -oC:\Users\Raphael\AppData\Local\Temp\s85o.2 \
  -Mdist/default/production/adxl355z_lib.X.production.map -E1 -ver=XC8 \
  --acfsm=1493 -ASTACK=0DBh-05ffh -pstack=STACK -ACODE=00h-07FFFh \
  -ACONST=00h-07FFFh -ASMALLCONST=0600h-06FFhx122 \
  -AMEDIUMCONST=0600h-07FFFh -ACOMRAM=01h-07Fh -AABS1=00h-05FFh \
  -ABIGRAM=01h-05FFh -ARAM=080h-0FFh,0100h-01FFhx5 -ABANK0=080h-0FFh \
  -ABANK1=0100h-01FFh -ABANK2=0200h-02FFh -ABANK3=0300h-03FFh \
  -ABANK4=0400h-04FFh -ABANK5=0500h-05FFh -ASFR=0F80h-0FFFh \
  -preset_vec=00h,intcode,intcodelo,powerup,init -pramtop=0600h \
  -psmallconst=SMALLCONST -pmediumconst=MEDIUMCONST -pconst=CONST \
  -AFARRAM=00h-00h -ACONFIG=0300000h-030000Dh -pconfig=CONFIG \
  -AIDLOC=0200000h-0200007h -pidloc=IDLOC -AEEDATA=0F00000h-0F000FFh \
  -peeprom_data=EEDATA \
  -prdata=COMRAM,nvrram=COMRAM,nvbit=COMRAM,rbss=COMRAM,rbit=COMRAM \
  -pfarbss=FARRAM,fardata=FARRAM,nvFARRAM=FARRAM \
  -pintsave_regs=BIGRAM,bigbss=BIGRAM,bigdata=BIGRAM -pbss=RAM \
  -pidata=CODE,irdata=CODE,ibigdata=CODE,ifardata=CODE -prparam=COMRAM \
  C:\Users\Raphael\AppData\Local\Temp\s85o.obj \
  dist/default/production\adxl355z_lib.X.production.obj 

Object code version is 3.11

Machine type is 18F2520

Call graph: (short form)




                Name                               Link     Load   Length Selector   Space Scale
C:\Users\Raphael\AppData\Local\Temp\s85o.obj
                init                                  0        0        4        0       0
                idloc                            200000   200000        8   200000       0
                config                           300000   300000        E   300000       0
dist/default/production\adxl355z_lib.X.production.obj
                mediumconst                        7EB6     7EB6      14A     3F5B       0
                text49                             6A6A     6A6A      1C2     3535       0
                text48                             67EE     67EE      110     33F7       0
                text47                             64F6     64F6       B6     327B       0
                text46                             5EDA     5EDA       16     2F6D       0
                text45                             5E82     5E82        C     2F41       0
                text44                             5E8E     5E8E        C     2F47       0
                text43                             606A     606A       2C     3035       0
                text42                             5F22     5F22       1C     2F91       0
                text41                             5F92     5F92       1E     2FC9       0
                text40                             613A     613A       3E     309D       0
                text39                             5E9A     5E9A        C     2F4D       0
                text38                             6666     6666       BC     3333       0
                text37                             74B0     74B0      25E     3A58       0
                text36                             6E0E     6E0E      224     3707       0
                text35                             5FD0     5FD0       24     2FE8       0
                text34                             6040     6040       2A     3020       0
                text33                             5E5E     5E5E        8     2F2F       0
                text32                             5F3E     5F3E       1C     2F9F       0
                text31                             5EB2     5EB2       14     2F59       0
                text30                             60CA     60CA       36     3065       0
                text29                             5E58     5E58        2     2F2C       0
                text28                             5E5A     5E5A        4     2F2D       0
                text27                             5F08     5F08       1A     2F84       0
                text26                             5EC6     5EC6       14     2F63       0
                text25                             5EF0     5EF0       18     2F78       0
                text24                             5E6E     5E6E        A     2F37       0
                text23                             5EA6     5EA6        C     2F53       0
                text22                             5E78     5E78        A     2F3C       0
                text21                             6178     6178       48     30BC       0
                text20                             5E66     5E66        8     2F33       0
                text19                             61C0     61C0       56     30E0       0
                text18                             63CE     63CE       8C     31E7       0
                text17                             5FB0     5FB0       20     2FD8       0
                text16                             6100     6100       3A     3080       0
                text15                             645A     645A       9C     322D       0
                text14                             62E0     62E0       76     3170       0
                text13                             6216     6216       62     310B       0
                text12                             5FF4     5FF4       26     2FFA       0
                text11                             65AC     65AC       BA     32D6       0
                text10                             6722     6722       CC     3391       0
                text9                              7032     7032      228     3819       0
                text8                              6096     6096       34     304B       0
                text7                              601A     601A       26     300D       0
                text6                              68FE     68FE      16C     347F       0
                text5                              5F5A     5F5A       1C     2FAD       0
                text4                              6356     6356       78     31AB       0
                text3                              6278     6278       68     313C       0
                text2                              725A     725A      256     392D       0
                text1                              770E     770E      7A8     3B87       0
                text0                              6C2C     6C2C      1E2     3616       0
                cstackCOMRAM                          1        1       7F        1       1
                cstackBANK0                          80       80       5A       80       1
                dataBANK0                            DA       DA        1       80       1
                cinit                              5F76     5F76       1C     2FBB       0
                idataBANK0                         5E57     5E57        1     5E57       0

TOTAL           Name                               Link     Load   Length     Space
        CLASS   STACK          

        CLASS   CODE           
                init                                  0        0        4         0
                text49                             6A6A     6A6A      1C2         0
                text48                             67EE     67EE      110         0
                text47                             64F6     64F6       B6         0
                text46                             5EDA     5EDA       16         0
                text45                             5E82     5E82        C         0
                text44                             5E8E     5E8E        C         0
                text43                             606A     606A       2C         0
                text42                             5F22     5F22       1C         0
                text41                             5F92     5F92       1E         0
                text40                             613A     613A       3E         0
                text39                             5E9A     5E9A        C         0
                text38                             6666     6666       BC         0
                text37                             74B0     74B0      25E         0
                text36                             6E0E     6E0E      224         0
                text35                             5FD0     5FD0       24         0
                text34                             6040     6040       2A         0
                text33                             5E5E     5E5E        8         0
                text32                             5F3E     5F3E       1C         0
                text31                             5EB2     5EB2       14         0
                text30                             60CA     60CA       36         0
                text29                             5E58     5E58        2         0
                text28                             5E5A     5E5A        4         0
                text27                             5F08     5F08       1A         0
                text26                             5EC6     5EC6       14         0
                text25                             5EF0     5EF0       18         0
                text24                             5E6E     5E6E        A         0
                text23                             5EA6     5EA6        C         0
                text22                             5E78     5E78        A         0
                text21                             6178     6178       48         0
                text20                             5E66     5E66        8         0
                text19                             61C0     61C0       56         0
                text18                             63CE     63CE       8C         0
                text17                             5FB0     5FB0       20         0
                text16                             6100     6100       3A         0
                text15                             645A     645A       9C         0
                text14                             62E0     62E0       76         0
                text13                             6216     6216       62         0
                text12                             5FF4     5FF4       26         0
                text11                             65AC     65AC       BA         0
                text10                             6722     6722       CC         0
                text9                              7032     7032      228         0
                text8                              6096     6096       34         0
                text7                              601A     601A       26         0
                text6                              68FE     68FE      16C         0
                text5                              5F5A     5F5A       1C         0
                text4                              6356     6356       78         0
                text3                              6278     6278       68         0
                text2                              725A     725A      256         0
                text1                              770E     770E      7A8         0
                text0                              6C2C     6C2C      1E2         0
                cinit                              5F76     5F76       1C         0
                idataBANK0                         5E57     5E57        1         0

        CLASS   CONST          

        CLASS   SMALLCONST     

        CLASS   MEDIUMCONST    
                mediumconst                        7EB6     7EB6      14A         0

        CLASS   COMRAM         
                cstackCOMRAM                          1        1       7F         1

        CLASS   ABS1           

        CLASS   BIGRAM         

        CLASS   RAM            

        CLASS   BANK0          
                cstackBANK0                          80       80       5A         1
                dataBANK0                            DA       DA        1         1

        CLASS   BANK1          

        CLASS   BANK2          

        CLASS   BANK3          

        CLASS   BANK4          

        CLASS   BANK5          

        CLASS   SFR            

        CLASS   FARRAM         

        CLASS   CONFIG         
                config                           300000   300000        E         0

        CLASS   IDLOC          
                idloc                            200000   200000        8         0

        CLASS   EEDATA         



SEGMENTS        Name                           Load    Length   Top    Selector   Space  Class

                reset_vec                      000000  000004  000004         0       0  CODE    
                cstackCOMRAM                   000001  00007F  000080         1       1  COMRAM  
                cstackBANK0                    000080  00005B  0000DB        80       1  BANK0   
                idataBANK0                     005E57  000001  005E58      5E57       0  CODE    
                text29                         005E58  000002  005E5A      2F2C       0  CODE    
                text28                         005E5A  000004  005E5E      2F2D       0  CODE    
                text33                         005E5E  000008  005E66      2F2F       0  CODE    
                text20                         005E66  000008  005E6E      2F33       0  CODE    
                text24                         005E6E  00000A  005E78      2F37       0  CODE    
                text22                         005E78  00000A  005E82      2F3C       0  CODE    
                text45                         005E82  00000C  005E8E      2F41       0  CODE    
                text44                         005E8E  00000C  005E9A      2F47       0  CODE    
                text39                         005E9A  00000C  005EA6      2F4D       0  CODE    
                text23                         005EA6  00000C  005EB2      2F53       0  CODE    
                text31                         005EB2  000014  005EC6      2F59       0  CODE    
                text26                         005EC6  000014  005EDA      2F63       0  CODE    
                text46                         005EDA  000016  005EF0      2F6D       0  CODE    
                text25                         005EF0  000018  005F08      2F78       0  CODE    
                text27                         005F08  00001A  005F22      2F84       0  CODE    
                text42                         005F22  00001C  005F3E      2F91       0  CODE    
                text32                         005F3E  00001C  005F5A      2F9F       0  CODE    
                text5                          005F5A  00001C  005F76      2FAD       0  CODE    
                cinit                          005F76  00001C  005F92      2FBB       0  CODE    
                text41                         005F92  00001E  005FB0      2FC9       0  CODE    
                text17                         005FB0  000020  005FD0      2FD8       0  CODE    
                text35                         005FD0  000024  005FF4      2FE8       0  CODE    
                text12                         005FF4  000026  00601A      2FFA       0  CODE    
                text7                          00601A  000026  006040      300D       0  CODE    
                text34                         006040  00002A  00606A      3020       0  CODE    
                text43                         00606A  00002C  006096      3035       0  CODE    
                text8                          006096  000034  0060CA      304B       0  CODE    
                text30                         0060CA  000036  006100      3065       0  CODE    
                text16                         006100  00003A  00613A      3080       0  CODE    
                text40                         00613A  00003E  006178      309D       0  CODE    
                text21                         006178  000048  0061C0      30BC       0  CODE    
                text19                         0061C0  000056  006216      30E0       0  CODE    
                text13                         006216  000062  006278      310B       0  CODE    
                text3                          006278  000068  0062E0      313C       0  CODE    
                text14                         0062E0  000076  006356      3170       0  CODE    
                text4                          006356  000078  0063CE      31AB       0  CODE    
                text18                         0063CE  00008C  00645A      31E7       0  CODE    
                text15                         00645A  00009C  0064F6      322D       0  CODE    
                text47                         0064F6  0000B6  0065AC      327B       0  CODE    
                text11                         0065AC  0000BA  006666      32D6       0  CODE    
                text38                         006666  0000BC  006722      3333       0  CODE    
                text10                         006722  0000CC  0067EE      3391       0  CODE    
                text48                         0067EE  000110  0068FE      33F7       0  CODE    
                text6                          0068FE  00016C  006A6A      347F       0  CODE    
                text49                         006A6A  0001C2  006C2C      3535       0  CODE    
                text0                          006C2C  0001E2  006E0E      3616       0  CODE    
                text36                         006E0E  000224  007032      3707       0  CODE    
                text9                          007032  000228  00725A      3819       0  CODE    
                text2                          00725A  000256  0074B0      392D       0  CODE    
                text37                         0074B0  00025E  00770E      3A58       0  CODE    
                text1                          00770E  0007A8  007EB6      3B87       0  CODE    
                mediumconst                    007EB6  00014A  008000      3F5B       0  MEDIUMCO
                idloc                          200000  000008  200008    200000       0  IDLOC   
                config                         300000  00000E  30000E    300000       0  CONFIG  


UNUSED ADDRESS RANGES

        Name                Unused          Largest block    Delta
        BANK0            0000DB-0000FF               25
        BANK1            000100-0001FF              100
        BANK2            000200-0002FF              100
        BANK3            000300-0003FF              100
        BANK4            000400-0004FF              100
        BANK5            000500-0005FF              100
        BIGRAM           0000DB-0005FF              525
        CODE             000004-005E56             5E53
        CONST            000004-005E56             5E53
        EEDATA           F00000-F000FF              100
        MEDIUMCONST      000600-005E56             5857
        RAM              0000DB-0005FF              100
        SFR              000F80-000FFF               80
        SMALLCONST       000600-005E56              100
        STACK            0000DB-0005FF              525

                                  Symbol Table

?_ADXL355_Convert_G         cstackCOMRAM 000062
?_ADXL355_Read_Axis         cstackCOMRAM 000062
?___aldiv                   cstackCOMRAM 000001
?___awdiv                   cstackCOMRAM 000007
?___awmod                   cstackCOMRAM 000001
?___fladd                   cstackCOMRAM 000039
?___fldiv                   cstackCOMRAM 000049
?___flmul                   cstackCOMRAM 00000F
?___flneg                   cstackCOMRAM 000001
?___flsub                   cstackCOMRAM 000049
?___fltol                   cstackCOMRAM 000031
?___lldiv                   cstackCOMRAM 000001
?___llmod                   cstackCOMRAM 000001
?___wmul                    cstackCOMRAM 000001
?___xxtofl                  cstackCOMRAM 000001
?__div_to_l_                cstackCOMRAM 000001
?__tdiv_to_l_               cstackCOMRAM 000001
?_fround                    cstackCOMRAM 000028
?_scale                     cstackCOMRAM 000028
?_sprintf                   cstackCOMRAM 000051
ADXL355_Convert_G@g         cstackCOMRAM 000074
ADXL355_Convert_G@raw_value cstackCOMRAM 000062
ADXL355_Init@_power_mode    cstackCOMRAM 000006
ADXL355_Init@_range         cstackCOMRAM 000007
ADXL355_Read_Axis@address   cstackBANK0  000093
ADXL355_Read_Axis@axis      cstackBANK0  000095
ADXL355_Read_Axis@buffer    cstackBANK0  000080
ADXL355_Read_Axis@i         cstackBANK0  000094
Delay_ms@count              cstackCOMRAM 000001
Delay_ms@i                  cstackCOMRAM 000004
DisplLines@lines            cstackCOMRAM 000006
DisplayOnOff@data           cstackCOMRAM 000006
I2C_Init@clock_output       cstackCOMRAM 000001
I2C_ReadByte@acknowledge    cstackCOMRAM 000002
I2C_ReadByte@buffer_I2C     cstackCOMRAM 000003
I2C_WriteByte@data_out      cstackCOMRAM 000002
I2C_Write_Byte@content      cstackCOMRAM 000004
I2C_Write_Byte@i2c_address  cstackCOMRAM 000005
I2C_Write_Byte@mem_address  cstackCOMRAM 000003
IIC_get@ret                 cstackCOMRAM 000004
IIC_put@cb                  cstackCOMRAM 000004
IIC_put@db                  cstackCOMRAM 000003
PL10                        text47       00658E
PL100                       text6        006A4C
PL102                       text1        007E7E
PL104                       text36       00701C
PL106                       text6        006A5E
PL108                       text2        00749C
PL110                       text9        00722E
PL112                       text37       0076E4
PL114                       text37       0076EE
PL116                       text10       0067E2
PL118                       text18       00644E
PL12                        text2        0073B4
PL120                       text48       0068E6
PL122                       text48       0068F2
PL124                       text11       00665A
PL126                       text37       0076FA
PL128                       text19       00620A
PL130                       text36       007028
PL132                       text9        00723C
PL134                       text0        006E06
PL136                       text1        007E90
PL138                       text9        007246
PL14                        text2        0073CA
PL140                       text37       007704
PL142                       text25       005EFE
PL144                       text1        007E9A
PL146                       text9        007250
PL148                       text2        0074A6
PL150                       text1        007EA4
PL152                       text1        007EAE
PL16                        text1        007DA0
PL18                        text9        0071EC
PL2                         text2        00737C
PL20                        text2        0073D8
PL22                        text2        0073EA
PL24                        text1        007DAE
PL26                        text2        007418
PL28                        text6        0069E4
PL30                        text1        007DC2
PL32                        text6        0069EC
PL34                        text2        00742C
PL36                        text2        007438
PL38                        text36       006FF2
PL4                         text2        007398
PL40                        text6        0069FE
PL42                        text36       007008
PL44                        text2        007444
PL46                        text6        006A10
PL48                        text1        007DEE
PL50                        text1        007E00
PL52                        text2        007462
PL54                        text1        007E0E
PL56                        text1        007E2A
PL58                        text49       006C08
PL6                         text6        0069D8
PL60                        text2        007470
PL62                        text2        00747C
PL64                        text9        0071F8
PL66                        text9        007208
PL68                        text2        007488
PL70                        text9        007220
PL72                        text2        007492
PL74                        text0        006DB6
PL76                        text0        006DCA
PL78                        text0        006DDE
PL8                         text1        007D66
PL80                        text0        006DF2
PL82                        text49       006C22
PL84                        text1        007E36
PL86                        text6        006A1C
PL88                        text1        007E48
PL90                        text1        007E5A
PL92                        text37       0076D2
PL94                        text1        007E6C
PL96                        text6        006A2E
PL98                        text6        006A3A
SetPostion@pos              cstackCOMRAM 000006
WriteData@data              cstackCOMRAM 000005
WriteIns@ins                cstackCOMRAM 000005
WriteString@stringi         cstackCOMRAM 000006
_ADCON1                     (abs)        000FC1
_ADXL355_Convert_G          text47       0064F6
_ADXL355_Init               text41       005F92
_ADXL355_Read_Axis          text36       006E0E
_ADXL355_Read_Axis$1707     cstackBANK0  00008F
_BAUDCON                    (abs)        000FB8
_CMCON                      (abs)        000FB4
_CheckBusy                  text33       005E5E
_ClrDisplay                 text23       005EA6
_Delay_ms                   text35       005FD0
_DisplLines                 text30       0060CA
_DisplayOnOff               text22       005E78
_ES15007_Init_Norm          text29       005E58
_I2C_Close                  text28       005E5A
_I2C_Idle                   text46       005EDA
_I2C_Init                   text27       005F08
_I2C_ReadByte               text40       00613A
_I2C_RepeatedStart          text39       005E9A
_I2C_Start                  text45       005E82
_I2C_Stop                   text44       005E8E
_I2C_WriteByte              text43       00606A
_I2C_Write_Byte             text42       005F22
_IIC_get                    text34       006040
_IIC_put                    text32       005F3E
_OSCCON                     (abs)        000FD3
_RCSTA                      (abs)        000FAB
_SPBRG                      (abs)        000FAF
_SSPADD                     (abs)        000FC8
_SSPBUF                     (abs)        000FC9
_SSPCON1                    (abs)        000FC6
_SSPCON1bits                (abs)        000FC6
_SSPCON2                    (abs)        000FC5
_SSPCON2bits                (abs)        000FC5
_SSPSTAT                    (abs)        000FC7
_SSPSTATbits                (abs)        000FC7
_SetPostion                 text24       005E6E
_TRISA                      (abs)        000F92
_TRISB                      (abs)        000F93
_TRISC                      (abs)        000F94
_TRISCbits                  (abs)        000F94
_TXREG                      (abs)        000FAD
_TXSTA                      (abs)        000FAC
_TXSTAbits                  (abs)        000FAC
_WriteData                  text26       005EC6
_WriteIns                   text31       005EB2
_WriteString                text25       005EF0
__CFG_BOREN$OFF             (abs)        000000
__CFG_BORV$3                (abs)        000000
__CFG_CCP2MX$PORTC          (abs)        000000
__CFG_CP0$OFF               (abs)        000000
__CFG_CP1$OFF               (abs)        000000
__CFG_CP2$OFF               (abs)        000000
__CFG_CP3$OFF               (abs)        000000
__CFG_CPB$OFF               (abs)        000000
__CFG_CPD$OFF               (abs)        000000
__CFG_EBTR0$OFF             (abs)        000000
__CFG_EBTR1$OFF             (abs)        000000
__CFG_EBTR2$OFF             (abs)        000000
__CFG_EBTR3$OFF             (abs)        000000
__CFG_EBTRB$OFF             (abs)        000000
__CFG_FCMEN$OFF             (abs)        000000
__CFG_IESO$OFF              (abs)        000000
__CFG_LPT1OSC$OFF           (abs)        000000
__CFG_LVP$OFF               (abs)        000000
__CFG_MCLRE$ON              (abs)        000000
__CFG_OSC$INTIO67           (abs)        000000
__CFG_PBADEN$OFF            (abs)        000000
__CFG_PWRT$OFF              (abs)        000000
__CFG_STVREN$OFF            (abs)        000000
__CFG_WDT$OFF               (abs)        000000
__CFG_WDTPS$32768           (abs)        000000
__CFG_WRT0$OFF              (abs)        000000
__CFG_WRT1$OFF              (abs)        000000
__CFG_WRT2$OFF              (abs)        000000
__CFG_WRT3$OFF              (abs)        000000
__CFG_WRTB$OFF              (abs)        000000
__CFG_WRTC$OFF              (abs)        000000
__CFG_WRTD$OFF              (abs)        000000
__CFG_XINST$OFF             (abs)        000000
__HRAM                      (abs)        000000
__Habs1                     abs1         000000
__Hbank0                    bank0        000000
__Hbank1                    bank1        000000
__Hbank2                    bank2        000000
__Hbank3                    bank3        000000
__Hbank4                    bank4        000000
__Hbank5                    bank5        000000
__Hbigbss                   bigbss       000000
__Hbigdata                  bigdata      000000
__Hbigram                   bigram       000000
__Hbss                      bss          000000
__Hcinit                    cinit        000000
__Hclrtext                  clrtext      000000
__Hcomram                   comram       000000
__Hconfig                   config       30000E
__Hconst                    const        000000
__HcstackBANK0              cstackBANK0  000000
__HcstackCOMRAM             cstackCOMRAM 000000
__Hdata                     data         000000
__HdataBANK0                dataBANK0    000000
__Heeprom_data              eeprom_data  000000
__Hfarbss                   farbss       000000
__Hfardata                  fardata      000000
__Hibigdata                 ibigdata     000000
__Hidata                    idata        000000
__HidataBANK0               idataBANK0   000000
__Hidloc                    idloc        200008
__Hifardata                 ifardata     000000
__Hinit                     init         000004
__Hintcode                  intcode      000000
__Hintcode_body             intcode_body 000000
__Hintcodelo                intcodelo    000000
__Hintentry                 intentry     000000
__Hintret                   intret       000000
__Hintsave_regs             intsave_regs 000000
__Hirdata                   irdata       000000
__Hmediumconst              mediumconst  008000
__HnvFARRAM                 nvFARRAM     000000
__Hnvbit                    nvbit        000000
__Hnvrram                   nvrram       000000
__Hpa_nodes                 pa_nodes     000000
__Hparam                    rparam       000000
__Hpowerup                  powerup      000000
__Hram                      ram          000000
__Hramtop                   ramtop       000600
__Hrbit                     rbit         000000
__Hrbss                     rbss         000000
__Hrdata                    rdata        000000
__Hreset_vec                reset_vec    000000
__Hrparam                   rparam       000000
__Hsfr                      sfr          000000
__Hsmallconst               smallconst   000000
__Hspace_0                  (abs)        30000E
__Hspace_1                  (abs)        0000DB
__Hspace_2                  (abs)        000000
__Hstack                    stack        000000
__Hstruct                   struct       000000
__Htemp                     temp         000000
__Htext                     text         000000
__Htext0                    text0        000000
__Htext1                    text1        000000
__Htext10                   text10       000000
__Htext11                   text11       000000
__Htext12                   text12       000000
__Htext13                   text13       000000
__Htext14                   text14       000000
__Htext15                   text15       000000
__Htext16                   text16       000000
__Htext17                   text17       000000
__Htext18                   text18       000000
__Htext19                   text19       000000
__Htext2                    text2        000000
__Htext20                   text20       000000
__Htext21                   text21       000000
__Htext22                   text22       000000
__Htext23                   text23       000000
__Htext24                   text24       000000
__Htext25                   text25       000000
__Htext26                   text26       000000
__Htext27                   text27       000000
__Htext28                   text28       000000
__Htext29                   text29       000000
__Htext3                    text3        000000
__Htext30                   text30       000000
__Htext31                   text31       000000
__Htext32                   text32       000000
__Htext33                   text33       000000
__Htext34                   text34       000000
__Htext35                   text35       000000
__Htext36                   text36       000000
__Htext37                   text37       000000
__Htext38                   text38       000000
__Htext39                   text39       000000
__Htext4                    text4        000000
__Htext40                   text40       000000
__Htext41                   text41       000000
__Htext42                   text42       000000
__Htext43                   text43       000000
__Htext44                   text44       000000
__Htext45                   text45       000000
__Htext46                   text46       000000
__Htext47                   text47       000000
__Htext48                   text48       000000
__Htext49                   text49       000000
__Htext5                    text5        000000
__Htext6                    text6        000000
__Htext7                    text7        000000
__Htext8                    text8        000000
__Htext9                    text9        000000
__LRAM                      (abs)        000001
__Labs1                     abs1         000000
__Lbank0                    bank0        000000
__Lbank1                    bank1        000000
__Lbank2                    bank2        000000
__Lbank3                    bank3        000000
__Lbank4                    bank4        000000
__Lbank5                    bank5        000000
__Lbigbss                   bigbss       000000
__Lbigdata                  bigdata      000000
__Lbigram                   bigram       000000
__Lbss                      bss          000000
__Lcinit                    cinit        000000
__Lclrtext                  clrtext      000000
__Lcomram                   comram       000000
__Lconfig                   config       300000
__Lconst                    const        000000
__LcstackBANK0              cstackBANK0  000000
__LcstackCOMRAM             cstackCOMRAM 000000
__Ldata                     data         000000
__LdataBANK0                dataBANK0    000000
__Leeprom_data              eeprom_data  000000
__Lfarbss                   farbss       000000
__Lfardata                  fardata      000000
__Libigdata                 ibigdata     000000
__Lidata                    idata        000000
__LidataBANK0               idataBANK0   000000
__Lidloc                    idloc        200000
__Lifardata                 ifardata     000000
__Linit                     init         000000
__Lintcode                  intcode      000000
__Lintcode_body             intcode_body 000000
__Lintcodelo                intcodelo    000000
__Lintentry                 intentry     000000
__Lintret                   intret       000000
__Lintsave_regs             intsave_regs 000000
__Lirdata                   irdata       000000
__Lmediumconst              mediumconst  007EB6
__LnvFARRAM                 nvFARRAM     000000
__Lnvbit                    nvbit        000000
__Lnvrram                   nvrram       000000
__Lpa_nodes                 pa_nodes     000000
__Lparam                    rparam       000000
__Lpowerup                  powerup      000000
__Lram                      ram          000000
__Lramtop                   ramtop       000600
__Lrbit                     rbit         000000
__Lrbss                     rbss         000000
__Lrdata                    rdata        000000
__Lreset_vec                reset_vec    000000
__Lrparam                   rparam       000000
__Lsfr                      sfr          000000
__Lsmallconst               smallconst   000000
__Lspace_0                  (abs)        000000
__Lspace_1                  (abs)        000000
__Lspace_2                  (abs)        000000
__Lstack                    stack        000000
__Lstruct                   struct       000000
__Ltemp                     temp         000000
__Ltext                     text         000000
__Ltext0                    text0        000000
__Ltext1                    text1        000000
__Ltext10                   text10       000000
__Ltext11                   text11       000000
__Ltext12                   text12       000000
__Ltext13                   text13       000000
__Ltext14                   text14       000000
__Ltext15                   text15       000000
__Ltext16                   text16       000000
__Ltext17                   text17       000000
__Ltext18                   text18       000000
__Ltext19                   text19       000000
__Ltext2                    text2        000000
__Ltext20                   text20       000000
__Ltext21                   text21       000000
__Ltext22                   text22       000000
__Ltext23                   text23       000000
__Ltext24                   text24       000000
__Ltext25                   text25       000000
__Ltext26                   text26       000000
__Ltext27                   text27       000000
__Ltext28                   text28       000000
__Ltext29                   text29       000000
__Ltext3                    text3        000000
__Ltext30                   text30       000000
__Ltext31                   text31       000000
__Ltext32                   text32       000000
__Ltext33                   text33       000000
__Ltext34                   text34       000000
__Ltext35                   text35       000000
__Ltext36                   text36       000000
__Ltext37                   text37       000000
__Ltext38                   text38       000000
__Ltext39                   text39       000000
__Ltext4                    text4        000000
__Ltext40                   text40       000000
__Ltext41                   text41       000000
__Ltext42                   text42       000000
__Ltext43                   text43       000000
__Ltext44                   text44       000000
__Ltext45                   text45       000000
__Ltext46                   text46       000000
__Ltext47                   text47       000000
__Ltext48                   text48       000000
__Ltext49                   text49       000000
__Ltext5                    text5        000000
__Ltext6                    text6        000000
__Ltext7                    text7        000000
__Ltext8                    text8        000000
__Ltext9                    text9        000000
__S0                        (abs)        30000E
__S1                        (abs)        0000DB
__S2                        (abs)        000000
___aldiv                    text38       006666
___aldiv@counter            cstackCOMRAM 000009
___aldiv@dividend           cstackCOMRAM 000001
___aldiv@divisor            cstackCOMRAM 000005
___aldiv@quotient           cstackCOMRAM 00000B
___aldiv@sign               cstackCOMRAM 00000A
___awdiv                    text4        006356
___awdiv@counter            cstackCOMRAM 00000B
___awdiv@dividend           cstackCOMRAM 000007
___awdiv@divisor            cstackCOMRAM 000009
___awdiv@quotient           cstackCOMRAM 00000D
___awdiv@sign               cstackCOMRAM 00000C
___awmod                    text3        006278
___awmod@counter            cstackCOMRAM 000005
___awmod@dividend           cstackCOMRAM 000001
___awmod@divisor            cstackCOMRAM 000003
___awmod@sign               cstackCOMRAM 000006
___fladd                    text37       0074B0
___fladd@a                  cstackCOMRAM 00003D
___fladd@aexp               cstackCOMRAM 000046
___fladd@b                  cstackCOMRAM 000039
___fladd@bexp               cstackCOMRAM 000047
___fladd@grs                cstackCOMRAM 000048
___fladd@signs              cstackCOMRAM 000045
___fldiv                    text49       006A6A
___fldiv@a                  cstackCOMRAM 00004D
___fldiv@aexp               cstackCOMRAM 000061
___fldiv@b                  cstackCOMRAM 000049
___fldiv@bexp               cstackCOMRAM 000060
___fldiv@grs                cstackCOMRAM 00005C
___fldiv@new_exp            cstackCOMRAM 00005A
___fldiv@rem                cstackCOMRAM 000056
___fldiv@sign               cstackCOMRAM 000055
___flge                     text18       0063CE
___flge@ff1                 cstackCOMRAM 000001
___flge@ff2                 cstackCOMRAM 000005
___flmul                    text9        007032
___flmul@a                  cstackCOMRAM 000013
___flmul@aexp               cstackCOMRAM 00001C
___flmul@b                  cstackCOMRAM 00000F
___flmul@bexp               cstackCOMRAM 000021
___flmul@grs                cstackCOMRAM 00001D
___flmul@prod               cstackCOMRAM 000022
___flmul@sign               cstackCOMRAM 00001B
___flmul@temp               cstackCOMRAM 000026
___flneg                    text17       005FB0
___flneg@f1                 cstackCOMRAM 000001
___flsub                    text16       006100
___flsub@a                  cstackCOMRAM 00004D
___flsub@b                  cstackCOMRAM 000049
___fltol                    text15       00645A
___fltol@exp1               cstackCOMRAM 00003A
___fltol@f1                 cstackCOMRAM 000031
___fltol@sign1              cstackCOMRAM 000039
___inthi_sp                 stack        000000
___intlo_sp                 stack        000000
___lbdiv                    text8        006096
___lbdiv@counter            cstackCOMRAM 000007
___lbdiv@dividend           cstackCOMRAM 000006
___lbdiv@divisor            cstackCOMRAM 000005
___lbdiv@quotient           cstackCOMRAM 000008
___lbmod                    text7        00601A
___lbmod@counter            cstackCOMRAM 000003
___lbmod@dividend           cstackCOMRAM 000002
___lbmod@divisor            cstackCOMRAM 000001
___lbmod@rem                cstackCOMRAM 000004
___lldiv                    text14       0062E0
___lldiv@counter            cstackCOMRAM 00000D
___lldiv@dividend           cstackCOMRAM 000001
___lldiv@divisor            cstackCOMRAM 000005
___lldiv@quotient           cstackCOMRAM 000009
___llmod                    text13       006216
___llmod@counter            cstackCOMRAM 000009
___llmod@dividend           cstackCOMRAM 000001
___llmod@divisor            cstackCOMRAM 000005
___param_bank               (abs)        000000
___rparam_used              (abs)        000001
___sp                       stack        000000
___wmul                     text12       005FF4
___wmul@multiplicand        cstackCOMRAM 000003
___wmul@multiplier          cstackCOMRAM 000001
___wmul@product             cstackCOMRAM 000005
___xxtofl                   text48       0067EE
___xxtofl@arg               cstackCOMRAM 00000B
___xxtofl@exp               cstackCOMRAM 00000A
___xxtofl@sign              cstackCOMRAM 000009
___xxtofl@val               cstackCOMRAM 000001
__accesstop                 (abs)        000080
__activetblptr              (abs)        000002
__div_to_l_                 text11       0065AC
__div_to_l_@cntr            cstackCOMRAM 00000D
__div_to_l_@exp1            cstackCOMRAM 00000E
__div_to_l_@f1              cstackCOMRAM 000001
__div_to_l_@f2              cstackCOMRAM 000005
__div_to_l_@quot            cstackCOMRAM 000009
__end_ofPL10                text47       0065AC
__end_ofPL100               text6        006A5E
__end_ofPL102               text1        007E90
__end_ofPL104               text36       007028
__end_ofPL106               text6        006A6A
__end_ofPL108               text2        0074A6
__end_ofPL110               text9        00723C
__end_ofPL112               text37       0076EE
__end_ofPL114               text37       0076FA
__end_ofPL116               text10       0067EE
__end_ofPL118               text18       00645A
__end_ofPL12                text2        0073CA
__end_ofPL120               text48       0068F2
__end_ofPL122               text48       0068FE
__end_ofPL124               text11       006666
__end_ofPL126               text37       007704
__end_ofPL128               text19       006216
__end_ofPL130               text36       007032
__end_ofPL132               text9        007246
__end_ofPL134               text0        006E0E
__end_ofPL136               text1        007E9A
__end_ofPL138               text9        007250
__end_ofPL14                text2        0073D8
__end_ofPL140               text37       00770E
__end_ofPL142               text25       005F08
__end_ofPL144               text1        007EA4
__end_ofPL146               text9        00725A
__end_ofPL148               text2        0074B0
__end_ofPL150               text1        007EAE
__end_ofPL152               text1        007EB6
__end_ofPL16                text1        007DAE
__end_ofPL18                text9        0071F8
__end_ofPL2                 text2        007398
__end_ofPL20                text2        0073EA
__end_ofPL22                text2        007418
__end_ofPL24                text1        007DC2
__end_ofPL26                text2        00742C
__end_ofPL28                text6        0069EC
__end_ofPL30                text1        007DEE
__end_ofPL32                text6        0069FE
__end_ofPL34                text2        007438
__end_ofPL36                text2        007444
__end_ofPL38                text36       007008
__end_ofPL4                 text2        0073B4
__end_ofPL40                text6        006A10
__end_ofPL42                text36       00701C
__end_ofPL44                text2        007462
__end_ofPL46                text6        006A1C
__end_ofPL48                text1        007E00
__end_ofPL50                text1        007E0E
__end_ofPL52                text2        007470
__end_ofPL54                text1        007E2A
__end_ofPL56                text1        007E36
__end_ofPL58                text49       006C22
__end_ofPL6                 text6        0069E4
__end_ofPL60                text2        00747C
__end_ofPL62                text2        007488
__end_ofPL64                text9        007208
__end_ofPL66                text9        007220
__end_ofPL68                text2        007492
__end_ofPL70                text9        00722E
__end_ofPL72                text2        00749C
__end_ofPL74                text0        006DCA
__end_ofPL76                text0        006DDE
__end_ofPL78                text0        006DF2
__end_ofPL8                 text1        007DA0
__end_ofPL80                text0        006E06
__end_ofPL82                text49       006C2C
__end_ofPL84                text1        007E48
__end_ofPL86                text6        006A2E
__end_ofPL88                text1        007E5A
__end_ofPL90                text1        007E6C
__end_ofPL92                text37       0076E4
__end_ofPL94                text1        007E7E
__end_ofPL96                text6        006A3A
__end_ofPL98                text6        006A4C
__end_of_ADXL355_Convert_G  text47       00658E
__end_of_ADXL355_Init       text41       005FB0
__end_of_ADXL355_Read_Axis  text36       006FF2
__end_of_CheckBusy          text33       005E66
__end_of_ClrDisplay         text23       005EB2
__end_of_Delay_ms           text35       005FF4
__end_of_DisplLines         text30       006100
__end_of_DisplayOnOff       text22       005E82
__end_of_ES15007_Init_Norm  text29       005E5A
__end_of_I2C_Close          text28       005E5E
__end_of_I2C_Idle           text46       005EF0
__end_of_I2C_Init           text27       005F22
__end_of_I2C_ReadByte       text40       006178
__end_of_I2C_RepeatedStart  text39       005EA6
__end_of_I2C_Start          text45       005E8E
__end_of_I2C_Stop           text44       005E9A
__end_of_I2C_WriteByte      text43       006096
__end_of_I2C_Write_Byte     text42       005F3E
__end_of_IIC_get            text34       00606A
__end_of_IIC_put            text32       005F5A
__end_of_SetPostion         text24       005E78
__end_of_WriteData          text26       005EDA
__end_of_WriteIns           text31       005EC6
__end_of_WriteString        text25       005EFE
__end_of___aldiv            text38       006722
__end_of___awdiv            text4        0063CE
__end_of___awmod            text3        0062E0
__end_of___fladd            text37       0076D2
__end_of___fldiv            text49       006C08
__end_of___flge             text18       00644E
__end_of___flmul            text9        0071EC
__end_of___flneg            text17       005FD0
__end_of___flsub            text16       00613A
__end_of___fltol            text15       0064F6
__end_of___lbdiv            text8        0060CA
__end_of___lbmod            text7        006040
__end_of___lldiv            text14       006356
__end_of___llmod            text13       006278
__end_of___wmul             text12       00601A
__end_of___xxtofl           text48       0068E6
__end_of__div_to_l_         text11       00665A
__end_of__initialization    cinit        005F88
__end_of__npowers_          mediumconst  007EEB
__end_of__powers_           mediumconst  007F1F
__end_of__tdiv_to_l_        text10       0067E2
__end_of_dpowers            mediumconst  007F47
__end_of_fround             text6        0069D8
__end_of_initDispl          text21       0061C0
__end_of_isdigit            text5        005F76
__end_of_main               text0        006DB6
__end_of_putrsserial        text19       00620A
__end_of_scale              text2        00737C
__end_of_sprintf            text1        007D66
__end_of_writeserial        text20       005E6E
__end_ofsin@coeff_a         mediumconst  007F5B
__end_ofsin@coeff_b         mediumconst  007F6B
__initialization            cinit        005F76
__mediumconst               mediumconst  007EB6
__npowers_                  mediumconst  007EB7
__pcinit                    cinit        005F76
__pcstackBANK0              cstackBANK0  000080
__pcstackCOMRAM             cstackCOMRAM 000001
__pdataBANK0                dataBANK0    0000DA
__pidataBANK0               idataBANK0   005E57
__pmediumconst              mediumconst  007EB6
__powers_                   mediumconst  007EEB
__ptext0                    text0        006C2C
__ptext1                    text1        00770E
__ptext10                   text10       006722
__ptext11                   text11       0065AC
__ptext12                   text12       005FF4
__ptext13                   text13       006216
__ptext14                   text14       0062E0
__ptext15                   text15       00645A
__ptext16                   text16       006100
__ptext17                   text17       005FB0
__ptext18                   text18       0063CE
__ptext19                   text19       0061C0
__ptext2                    text2        00725A
__ptext20                   text20       005E66
__ptext21                   text21       006178
__ptext22                   text22       005E78
__ptext23                   text23       005EA6
__ptext24                   text24       005E6E
__ptext25                   text25       005EF0
__ptext26                   text26       005EC6
__ptext27                   text27       005F08
__ptext28                   text28       005E5A
__ptext29                   text29       005E58
__ptext3                    text3        006278
__ptext30                   text30       0060CA
__ptext31                   text31       005EB2
__ptext32                   text32       005F3E
__ptext33                   text33       005E5E
__ptext34                   text34       006040
__ptext35                   text35       005FD0
__ptext36                   text36       006E0E
__ptext37                   text37       0074B0
__ptext38                   text38       006666
__ptext39                   text39       005E9A
__ptext4                    text4        006356
__ptext40                   text40       00613A
__ptext41                   text41       005F92
__ptext42                   text42       005F22
__ptext43                   text43       00606A
__ptext44                   text44       005E8E
__ptext45                   text45       005E82
__ptext46                   text46       005EDA
__ptext47                   text47       0064F6
__ptext48                   text48       0067EE
__ptext49                   text49       006A6A
__ptext5                    text5        005F5A
__ptext6                    text6        0068FE
__ptext7                    text7        00601A
__ptext8                    text8        006096
__ptext9                    text9        007032
__ramtop                    ramtop       000600
__size_of_ADXL355_Convert_G (abs)        000000
__size_of_ADXL355_Init      (abs)        000000
__size_of_ADXL355_Read_Axis (abs)        000000
__size_of_CheckBusy         (abs)        000000
__size_of_ClrDisplay        (abs)        000000
__size_of_Delay_ms          (abs)        000000
__size_of_DisplLines        (abs)        000000
__size_of_DisplayOnOff      (abs)        000000
__size_of_ES15007_Init_Norm (abs)        000000
__size_of_I2C_Close         (abs)        000000
__size_of_I2C_Idle          (abs)        000000
__size_of_I2C_Init          (abs)        000000
__size_of_I2C_ReadByte      (abs)        000000
__size_of_I2C_RepeatedStart (abs)        000000
__size_of_I2C_Start         (abs)        000000
__size_of_I2C_Stop          (abs)        000000
__size_of_I2C_WriteByte     (abs)        000000
__size_of_I2C_Write_Byte    (abs)        000000
__size_of_IIC_get           (abs)        000000
__size_of_IIC_put           (abs)        000000
__size_of_SetPostion        (abs)        000000
__size_of_WriteData         (abs)        000000
__size_of_WriteIns          (abs)        000000
__size_of_WriteString       (abs)        000000
__size_of___aldiv           (abs)        000000
__size_of___awdiv           (abs)        000000
__size_of___awmod           (abs)        000000
__size_of___fladd           (abs)        000000
__size_of___fldiv           (abs)        000000
__size_of___flge            (abs)        000000
__size_of___flmul           (abs)        000000
__size_of___flneg           (abs)        000000
__size_of___flsub           (abs)        000000
__size_of___fltol           (abs)        000000
__size_of___lbdiv           (abs)        000000
__size_of___lbmod           (abs)        000000
__size_of___lldiv           (abs)        000000
__size_of___llmod           (abs)        000000
__size_of___wmul            (abs)        000000
__size_of___xxtofl          (abs)        000000
__size_of__div_to_l_        (abs)        000000
__size_of__tdiv_to_l_       (abs)        000000
__size_of_fround            (abs)        000000
__size_of_initDispl         (abs)        000000
__size_of_isdigit           (abs)        000000
__size_of_main              (abs)        000000
__size_of_putrsserial       (abs)        000000
__size_of_scale             (abs)        000000
__size_of_sprintf           (abs)        000000
__size_of_writeserial       (abs)        000000
__smallconst                smallconst   000000
__tdiv_to_l_                text10       006722
__tdiv_to_l_@cntr           cstackCOMRAM 000010
__tdiv_to_l_@exp1           cstackCOMRAM 000011
__tdiv_to_l_@f1             cstackCOMRAM 000001
__tdiv_to_l_@f2             cstackCOMRAM 000005
__tdiv_to_l_@quot           cstackCOMRAM 00000C
_dh_function_set            dataBANK0    0000DA
_dpowers                    mediumconst  007F1F
_fround                     text6        0068FE
_fround$1711                cstackCOMRAM 000034
_fround$1712                cstackCOMRAM 000030
_initDispl                  text21       006178
_isdigit                    text5        005F5A
_isdigit$1246               cstackCOMRAM 000002
_main                       text0        006C2C
_putrsserial                text19       0061C0
_scale                      text2        00725A
_scale$1713                 cstackCOMRAM 00002C
_sprintf                    text1        00770E
_sprintf$1014               cstackCOMRAM 000060
_sprintf$1015               cstackCOMRAM 000062
_sprintf$1016               cstackCOMRAM 000064
_sprintf$1017               cstackCOMRAM 000066
_sprintf$1714               cstackCOMRAM 00005C
_writeserial                text20       005E66
end_of_initialization       cinit        005F88
fround@prec                 cstackCOMRAM 000038
intlevel0                   text         000000
intlevel1                   text         000000
intlevel2                   text         000000
intlevel3                   text         000000
isdigit@c                   cstackCOMRAM 000003
main@acc_g                  cstackBANK0  0000CE
main@acc_value              cstackBANK0  0000BC
main@aux                    cstackBANK0  0000A8
putrsserial@data            cstackCOMRAM 000002
scale@scl                   cstackCOMRAM 000030
sprintf@ap                  cstackCOMRAM 000068
sprintf@c                   cstackCOMRAM 00007B
sprintf@exp                 cstackCOMRAM 000071
sprintf@f                   cstackCOMRAM 000052
sprintf@flag                cstackCOMRAM 00007C
sprintf@fval                cstackCOMRAM 000075
sprintf@prec                cstackCOMRAM 000079
sprintf@sp                  cstackCOMRAM 000051
sprintf@tmpval              cstackCOMRAM 00006D
sprintf@val                 cstackCOMRAM 000069
sprintf@width               cstackCOMRAM 000073
stackhi                     (abs)        0005FF
stacklo                     (abs)        0000DB
start                       init         000000
start_initialization        cinit        005F76
writeserial@data            cstackCOMRAM 000001


FUNCTION INFORMATION:

 *************** function _main *****************
 Defined at:
		line 24 in file "main.c"
 Parameters:    Size  Location     Type
		None
 Auto vars:     Size  Location     Type
  aux            20   40[BANK0 ] unsigned char [20]
  acc_value      18   60[BANK0 ] struct axis_value
  acc_g          12   78[BANK0 ] struct g_value
  acc_angulos    12    0        struct degrees
  z               4    0        float 
  y               4    0        float 
  x               4    0        float 
  temperature     4    0        float 
  serialn         2    0        unsigned int 
 Return value:  Size  Location     Type
                  1    wreg      void 
 Registers used:
		wreg, fsr0l, fsr0h, fsr2l, fsr2h, status,2, status,0, tblptrl, tblptrh, tblptru, prodl, prodh, cstack
 Tracked objects:
		On entry : 
		On exit  : 
		Unchanged: 
 Data sizes:     COMRAM   BANK0   BANK1   BANK2   BANK3   BANK4   BANK5
      Params:         0       0       0       0       0       0       0
      Locals:         0      50       0       0       0       0       0
      Temps:          0       1       0       0       0       0       0
      Totals:         0      51       0       0       0       0       0
Total ram usage:       51 bytes
 Hardware stack levels required when called:    8
 This function calls:
		_ADXL355_Convert_G
		_ADXL355_Init
		_ADXL355_Read_Axis
		_Delay_ms
		_DisplLines
		_DisplayOnOff
		_ES15007_Init_Norm
		_I2C_Close
		_I2C_Init
		_SetPostion
		_WriteString
		_initDispl
		_putrsserial
		_sprintf
 This function is called by:
		Startup code after reset
 This function uses a non-reentrant model


 *************** function _sprintf *****************
 Defined at:
		line 492 in file "C:\Program Files (x86)\Microchip\xc8\v1.40\sources\common\doprnt.c"
 Parameters:    Size  Location     Type
  sp              1   80[COMRAM] PTR unsigned char 
		 -> main@aux(20), 
  f               2   81[COMRAM] PTR const unsigned char 
		 -> STR_10(11), STR_9(10), STR_8(10), STR_7(10), 
		 -> STR_6(16), STR_5(14), STR_4(14), STR_3(14), 
 Auto vars:     Size  Location     Type
  fval            4  116[COMRAM] PTR const unsigned char 
  tmpval          4  108[COMRAM] struct .
  val             4  104[COMRAM] unsigned long 
  cp              3    0        PTR const unsigned char 
  flag            2  123[COMRAM] unsigned short 
  prec            2  120[COMRAM] int 
  width           2  114[COMRAM] int 
  exp             2  112[COMRAM] int 
  len             2    0        unsigned int 
  c               1  122[COMRAM] char 
  ap              1  103[COMRAM] PTR void [1]
		 -> ?_sprintf(2), 
  d               1    0        unsigned char 
 Return value:  Size  Location     Type
                  2   80[COMRAM] int 
 Registers used:
		wreg, fsr2l, fsr2h, status,2, status,0, tblptrl, tblptrh, tblptru, prodl, prodh, cstack
 Tracked objects:
		On entry : 
		On exit  : 
		Unchanged: 
 Data sizes:     COMRAM   BANK0   BANK1   BANK2   BANK3   BANK4   BANK5
      Params:         7       0       0       0       0       0       0
      Locals:        34       0       0       0       0       0       0
      Temps:          4       0       0       0       0       0       0
      Totals:        45       0       0       0       0       0       0
Total ram usage:       45 bytes
 Hardware stack levels used:    1
 Hardware stack levels required when called:    2
 This function calls:
		___awdiv
		___fladd
		___flge
		___flmul
		___flneg
		___flsub
		___fltol
		___lldiv
		___llmod
		___wmul
		___xxtofl
		__div_to_l_
		__tdiv_to_l_
		_fround
		_isdigit
		_scale
 This function is called by:
		_main
 This function uses a non-reentrant model


 *************** function _scale *****************
 Defined at:
		line 425 in file "C:\Program Files (x86)\Microchip\xc8\v1.40\sources\common\doprnt.c"
 Parameters:    Size  Location     Type
  scl             1    wreg     char 
 Auto vars:     Size  Location     Type
  scl             1   47[COMRAM] char 
 Return value:  Size  Location     Type
                  4   39[COMRAM] char 
 Registers used:
		wreg, status,2, status,0, tblptrl, tblptrh, tblptru, prodl, prodh, cstack
 Tracked objects:
		On entry : 
		On exit  : 
		Unchanged: 
 Data sizes:     COMRAM   BANK0   BANK1   BANK2   BANK3   BANK4   BANK5
      Params:         4       0       0       0       0       0       0
      Locals:         5       0       0       0       0       0       0
      Temps:          0       0       0       0       0       0       0
      Totals:         9       0       0       0       0       0       0
Total ram usage:        9 bytes
 Hardware stack levels used:    1
 Hardware stack levels required when called:    1
 This function calls:
		___awdiv
		___awmod
		___flmul
 This function is called by:
		_sprintf
 This function uses a non-reentrant model


 *************** function ___awmod *****************
 Defined at:
		line 8 in file "C:\Program Files (x86)\Microchip\xc8\v1.40\sources\common\awmod.c"
 Parameters:    Size  Location     Type
  dividend        2    0[COMRAM] int 
  divisor         2    2[COMRAM] int 
 Auto vars:     Size  Location     Type
  sign            1    5[COMRAM] unsigned char 
  counter         1    4[COMRAM] unsigned char 
 Return value:  Size  Location     Type
                  2    0[COMRAM] int 
 Registers used:
		wreg, status,2, status,0
 Tracked objects:
		On entry : 
		On exit  : 
		Unchanged: 
 Data sizes:     COMRAM   BANK0   BANK1   BANK2   BANK3   BANK4   BANK5
      Params:         4       0       0       0       0       0       0
      Locals:         2       0       0       0       0       0       0
      Temps:          0       0       0       0       0       0       0
      Totals:         6       0       0       0       0       0       0
Total ram usage:        6 bytes
 Hardware stack levels used:    1
 This function calls:
		Nothing
 This function is called by:
		_scale
 This function uses a non-reentrant model


 *************** function ___awdiv *****************
 Defined at:
		line 8 in file "C:\Program Files (x86)\Microchip\xc8\v1.40\sources\common\awdiv.c"
 Parameters:    Size  Location     Type
  dividend        2    6[COMRAM] int 
  divisor         2    8[COMRAM] int 
 Auto vars:     Size  Location     Type
  quotient        2   12[COMRAM] int 
  sign            1   11[COMRAM] unsigned char 
  counter         1   10[COMRAM] unsigned char 
 Return value:  Size  Location     Type
                  2    6[COMRAM] int 
 Registers used:
		wreg, status,2, status,0
 Tracked objects:
		On entry : 
		On exit  : 
		Unchanged: 
 Data sizes:     COMRAM   BANK0   BANK1   BANK2   BANK3   BANK4   BANK5
      Params:         4       0       0       0       0       0       0
      Locals:         4       0       0       0       0       0       0
      Temps:          0       0       0       0       0       0       0
      Totals:         8       0       0       0       0       0       0
Total ram usage:        8 bytes
 Hardware stack levels used:    1
 This function calls:
		Nothing
 This function is called by:
		_scale
		_sprintf
 This function uses a non-reentrant model


 *************** function _isdigit *****************
 Defined at:
		line 8 in file "C:\Program Files (x86)\Microchip\xc8\v1.40\sources\common\isdigit.c"
 Parameters:    Size  Location     Type
  c               1    wreg     unsigned char 
 Auto vars:     Size  Location     Type
  c               1    2[COMRAM] unsigned char 
 Return value:  Size  Location     Type
		None               void
 Registers used:
		wreg, status,2, status,0
 Tracked objects:
		On entry : 
		On exit  : 
		Unchanged: 
 Data sizes:     COMRAM   BANK0   BANK1   BANK2   BANK3   BANK4   BANK5
      Params:         0       0       0       0       0       0       0
      Locals:         2       0       0       0       0       0       0
      Temps:          1       0       0       0       0       0       0
      Totals:         3       0       0       0       0       0       0
Total ram usage:        3 bytes
 Hardware stack levels used:    1
 This function calls:
		Nothing
 This function is called by:
		_sprintf
 This function uses a non-reentrant model


 *************** function _fround *****************
 Defined at:
		line 409 in file "C:\Program Files (x86)\Microchip\xc8\v1.40\sources\common\doprnt.c"
 Parameters:    Size  Location     Type
  prec            1    wreg     unsigned char 
 Auto vars:     Size  Location     Type
  prec            1   55[COMRAM] unsigned char 
 Return value:  Size  Location     Type
                  4   39[COMRAM] unsigned char 
 Registers used:
		wreg, status,2, status,0, tblptrl, tblptrh, tblptru, prodl, prodh, cstack
 Tracked objects:
		On entry : 
		On exit  : 
		Unchanged: 
 Data sizes:     COMRAM   BANK0   BANK1   BANK2   BANK3   BANK4   BANK5
      Params:         4       0       0       0       0       0       0
      Locals:         9       0       0       0       0       0       0
      Temps:          4       0       0       0       0       0       0
      Totals:        17       0       0       0       0       0       0
Total ram usage:       17 bytes
 Hardware stack levels used:    1
 Hardware stack levels required when called:    1
 This function calls:
		___flmul
		___lbdiv
		___lbmod
 This function is called by:
		_sprintf
 This function uses a non-reentrant model


 *************** function ___lbmod *****************
 Defined at:
		line 4 in file "C:\Program Files (x86)\Microchip\xc8\v1.40\sources\common\lbmod.c"
 Parameters:    Size  Location     Type
  dividend        1    wreg     unsigned char 
  divisor         1    0[COMRAM] unsigned char 
 Auto vars:     Size  Location     Type
  dividend        1    1[COMRAM] unsigned char 
  rem             1    3[COMRAM] unsigned char 
  counter         1    2[COMRAM] unsigned char 
 Return value:  Size  Location     Type
                  1    wreg      unsigned char 
 Registers used:
		wreg, status,2, status,0
 Tracked objects:
		On entry : 
		On exit  : 
		Unchanged: 
 Data sizes:     COMRAM   BANK0   BANK1   BANK2   BANK3   BANK4   BANK5
      Params:         1       0       0       0       0       0       0
      Locals:         3       0       0       0       0       0       0
      Temps:          0       0       0       0       0       0       0
      Totals:         4       0       0       0       0       0       0
Total ram usage:        4 bytes
 Hardware stack levels used:    1
 This function calls:
		Nothing
 This function is called by:
		_fround
 This function uses a non-reentrant model


 *************** function ___lbdiv *****************
 Defined at:
		line 4 in file "C:\Program Files (x86)\Microchip\xc8\v1.40\sources\common\lbdiv.c"
 Parameters:    Size  Location     Type
  dividend        1    wreg     unsigned char 
  divisor         1    4[COMRAM] unsigned char 
 Auto vars:     Size  Location     Type
  dividend        1    5[COMRAM] unsigned char 
  quotient        1    7[COMRAM] unsigned char 
  counter         1    6[COMRAM] unsigned char 
 Return value:  Size  Location     Type
                  1    wreg      unsigned char 
 Registers used:
		wreg, status,2, status,0
 Tracked objects:
		On entry : 
		On exit  : 
		Unchanged: 
 Data sizes:     COMRAM   BANK0   BANK1   BANK2   BANK3   BANK4   BANK5
      Params:         1       0       0       0       0       0       0
      Locals:         3       0       0       0       0       0       0
      Temps:          0       0       0       0       0       0       0
      Totals:         4       0       0       0       0       0       0
Total ram usage:        4 bytes
 Hardware stack levels used:    1
 This function calls:
		Nothing
 This function is called by:
		_fround
 This function uses a non-reentrant model


 *************** function ___flmul *****************
 Defined at:
		line 8 in file "C:\Program Files (x86)\Microchip\xc8\v1.40\sources\common\sprcmul.c"
 Parameters:    Size  Location     Type
  b               4   14[COMRAM] unsigned char 
  a               4   18[COMRAM] unsigned char 
 Auto vars:     Size  Location     Type
  prod            4   33[COMRAM] struct .
  grs             4   28[COMRAM] unsigned long 
  temp            2   37[COMRAM] struct .
  bexp            1   32[COMRAM] unsigned char 
  aexp            1   27[COMRAM] unsigned char 
  sign            1   26[COMRAM] unsigned char 
 Return value:  Size  Location     Type
                  4   14[COMRAM] unsigned char 
 Registers used:
		wreg, status,2, status,0, prodl, prodh
 Tracked objects:
		On entry : 
		On exit  : 
		Unchanged: 
 Data sizes:     COMRAM   BANK0   BANK1   BANK2   BANK3   BANK4   BANK5
      Params:         8       0       0       0       0       0       0
      Locals:        13       0       0       0       0       0       0
      Temps:          4       0       0       0       0       0       0
      Totals:        25       0       0       0       0       0       0
Total ram usage:       25 bytes
 Hardware stack levels used:    1
 This function calls:
		Nothing
 This function is called by:
		_fround
		_scale
		_sprintf
 This function uses a non-reentrant model


 *************** function __tdiv_to_l_ *****************
 Defined at:
		line 60 in file "C:\Program Files (x86)\Microchip\xc8\v1.40\sources\common\ftdivl.c"
 Parameters:    Size  Location     Type
  f1              4    0[COMRAM] float 
  f2              4    4[COMRAM] float 
 Auto vars:     Size  Location     Type
  quot            4   11[COMRAM] unsigned long 
  exp1            1   16[COMRAM] unsigned char 
  cntr            1   15[COMRAM] unsigned char 
 Return value:  Size  Location     Type
                  4    0[COMRAM] unsigned long 
 Registers used:
		wreg, status,2, status,0
 Tracked objects:
		On entry : 
		On exit  : 
		Unchanged: 
 Data sizes:     COMRAM   BANK0   BANK1   BANK2   BANK3   BANK4   BANK5
      Params:         8       0       0       0       0       0       0
      Locals:         6       0       0       0       0       0       0
      Temps:          3       0       0       0       0       0       0
      Totals:        17       0       0       0       0       0       0
Total ram usage:       17 bytes
 Hardware stack levels used:    1
 This function calls:
		Nothing
 This function is called by:
		_sprintf
 This function uses a non-reentrant model


 *************** function __div_to_l_ *****************
 Defined at:
		line 60 in file "C:\Program Files (x86)\Microchip\xc8\v1.40\sources\common\fldivl.c"
 Parameters:    Size  Location     Type
  f1              4    0[COMRAM] unsigned long 
  f2              4    4[COMRAM] unsigned long 
 Auto vars:     Size  Location     Type
  quot            4    8[COMRAM] unsigned long 
  exp1            1   13[COMRAM] unsigned char 
  cntr            1   12[COMRAM] unsigned char 
 Return value:  Size  Location     Type
                  4    0[COMRAM] unsigned long 
 Registers used:
		wreg, status,2, status,0
 Tracked objects:
		On entry : 
		On exit  : 
		Unchanged: 
 Data sizes:     COMRAM   BANK0   BANK1   BANK2   BANK3   BANK4   BANK5
      Params:         8       0       0       0       0       0       0
      Locals:         6       0       0       0       0       0       0
      Temps:          0       0       0       0       0       0       0
      Totals:        14       0       0       0       0       0       0
Total ram usage:       14 bytes
 Hardware stack levels used:    1
 This function calls:
		Nothing
 This function is called by:
		_sprintf
 This function uses a non-reentrant model


 *************** function ___wmul *****************
 Defined at:
		line 15 in file "C:\Program Files (x86)\Microchip\xc8\v1.40\sources\common\Umul16.c"
 Parameters:    Size  Location     Type
  multiplier      2    0[COMRAM] unsigned int 
  multiplicand    2    2[COMRAM] unsigned int 
 Auto vars:     Size  Location     Type
  product         2    4[COMRAM] unsigned int 
 Return value:  Size  Location     Type
                  2    0[COMRAM] unsigned int 
 Registers used:
		wreg, status,2, status,0, prodl, prodh
 Tracked objects:
		On entry : 
		On exit  : 
		Unchanged: 
 Data sizes:     COMRAM   BANK0   BANK1   BANK2   BANK3   BANK4   BANK5
      Params:         4       0       0       0       0       0       0
      Locals:         2       0       0       0       0       0       0
      Temps:          0       0       0       0       0       0       0
      Totals:         6       0       0       0       0       0       0
Total ram usage:        6 bytes
 Hardware stack levels used:    1
 This function calls:
		Nothing
 This function is called by:
		_sprintf
 This function uses a non-reentrant model


 *************** function ___llmod *****************
 Defined at:
		line 8 in file "C:\Program Files (x86)\Microchip\xc8\v1.40\sources\common\llmod.c"
 Parameters:    Size  Location     Type
  dividend        4    0[COMRAM] unsigned long 
  divisor         4    4[COMRAM] unsigned long 
 Auto vars:     Size  Location     Type
  counter         1    8[COMRAM] unsigned char 
 Return value:  Size  Location     Type
                  4    0[COMRAM] unsigned long 
 Registers used:
		wreg, status,2, status,0
 Tracked objects:
		On entry : 
		On exit  : 
		Unchanged: 
 Data sizes:     COMRAM   BANK0   BANK1   BANK2   BANK3   BANK4   BANK5
      Params:         8       0       0       0       0       0       0
      Locals:         1       0       0       0       0       0       0
      Temps:          0       0       0       0       0       0       0
      Totals:         9       0       0       0       0       0       0
Total ram usage:        9 bytes
 Hardware stack levels used:    1
 This function calls:
		Nothing
 This function is called by:
		_sprintf
 This function uses a non-reentrant model


 *************** function ___lldiv *****************
 Defined at:
		line 8 in file "C:\Program Files (x86)\Microchip\xc8\v1.40\sources\common\lldiv.c"
 Parameters:    Size  Location     Type
  dividend        4    0[COMRAM] unsigned long 
  divisor         4    4[COMRAM] unsigned long 
 Auto vars:     Size  Location     Type
  quotient        4    8[COMRAM] unsigned long 
  counter         1   12[COMRAM] unsigned char 
 Return value:  Size  Location     Type
                  4    0[COMRAM] unsigned long 
 Registers used:
		wreg, status,2, status,0
 Tracked objects:
		On entry : 
		On exit  : 
		Unchanged: 
 Data sizes:     COMRAM   BANK0   BANK1   BANK2   BANK3   BANK4   BANK5
      Params:         8       0       0       0       0       0       0
      Locals:         5       0       0       0       0       0       0
      Temps:          0       0       0       0       0       0       0
      Totals:        13       0       0       0       0       0       0
Total ram usage:       13 bytes
 Hardware stack levels used:    1
 This function calls:
		Nothing
 This function is called by:
		_sprintf
 This function uses a non-reentrant model


 *************** function ___fltol *****************
 Defined at:
		line 43 in file "C:\Program Files (x86)\Microchip\xc8\v1.40\sources\common\fltol.c"
 Parameters:    Size  Location     Type
  f1              4   48[COMRAM] unsigned long 
 Auto vars:     Size  Location     Type
  exp1            1   57[COMRAM] unsigned char 
  sign1           1   56[COMRAM] unsigned char 
 Return value:  Size  Location     Type
                  4   48[COMRAM] long 
 Registers used:
		wreg, status,2, status,0
 Tracked objects:
		On entry : 
		On exit  : 
		Unchanged: 
 Data sizes:     COMRAM   BANK0   BANK1   BANK2   BANK3   BANK4   BANK5
      Params:         4       0       0       0       0       0       0
[...]
		wreg, status,2, status,0, cstack
 Tracked objects:
		On entry : 
		On exit  : 
		Unchanged: 
 Data sizes:     COMRAM   BANK0   BANK1   BANK2   BANK3   BANK4   BANK5
      Params:         1       0       0       0       0       0       0
      Locals:         1       0       0       0       0       0       0
      Temps:          0       0       0       0       0       0       0
      Totals:         2       0       0       0       0       0       0
Total ram usage:        2 bytes
 Hardware stack levels used:    1
 Hardware stack levels required when called:    3
 This function calls:
		_I2C_Write_Byte
 This function is called by:
		_main
 This function uses a non-reentrant model


 *************** function _I2C_Write_Byte *****************
 Defined at:
		line 74 in file "adxl355.c"
 Parameters:    Size  Location     Type
  i2c_address     1    wreg     unsigned char 
  mem_address     1    2[COMRAM] unsigned char 
  content         1    3[COMRAM] unsigned char 
 Auto vars:     Size  Location     Type
  i2c_address     1    4[COMRAM] unsigned char 
 Return value:  Size  Location     Type
                  1    wreg      void 
 Registers used:
		wreg, status,2, status,0, cstack
 Tracked objects:
		On entry : 
		On exit  : 
		Unchanged: 
 Data sizes:     COMRAM   BANK0   BANK1   BANK2   BANK3   BANK4   BANK5
      Params:         2       0       0       0       0       0       0
      Locals:         1       0       0       0       0       0       0
      Temps:          0       0       0       0       0       0       0
      Totals:         3       0       0       0       0       0       0
Total ram usage:        3 bytes
 Hardware stack levels used:    1
 Hardware stack levels required when called:    2
 This function calls:
		_I2C_Start
		_I2C_Stop
		_I2C_WriteByte
 This function is called by:
		_ADXL355_Init
 This function uses a non-reentrant model


 *************** function _I2C_WriteByte *****************
 Defined at:
		line 98 in file "my_i2c.c"
 Parameters:    Size  Location     Type
  data_out        1    wreg     unsigned char 
 Auto vars:     Size  Location     Type
  data_out        1    1[COMRAM] unsigned char 
 Return value:  Size  Location     Type
                  1    wreg      unsigned char 
 Registers used:
		wreg, status,2, status,0, cstack
 Tracked objects:
		On entry : 
		On exit  : 
		Unchanged: 
 Data sizes:     COMRAM   BANK0   BANK1   BANK2   BANK3   BANK4   BANK5
      Params:         0       0       0       0       0       0       0
      Locals:         1       0       0       0       0       0       0
      Temps:          0       0       0       0       0       0       0
      Totals:         1       0       0       0       0       0       0
Total ram usage:        1 bytes
 Hardware stack levels used:    1
 Hardware stack levels required when called:    1
 This function calls:
		_I2C_Idle
 This function is called by:
		_ADXL355_Read_Axis
		_I2C_Write_Byte
		_IIC_put
		_IIC_get
 This function uses a non-reentrant model


 *************** function _I2C_Stop *****************
 Defined at:
		line 45 in file "my_i2c.c"
 Parameters:    Size  Location     Type
		None
 Auto vars:     Size  Location     Type
		None
 Return value:  Size  Location     Type
                  1    wreg      void 
 Registers used:
		wreg, status,2, status,0, cstack
 Tracked objects:
		On entry : 
		On exit  : 
		Unchanged: 
 Data sizes:     COMRAM   BANK0   BANK1   BANK2   BANK3   BANK4   BANK5
      Params:         0       0       0       0       0       0       0
      Locals:         0       0       0       0       0       0       0
      Temps:          0       0       0       0       0       0       0
      Totals:         0       0       0       0       0       0       0
Total ram usage:        0 bytes
 Hardware stack levels used:    1
 Hardware stack levels required when called:    1
 This function calls:
		_I2C_Idle
 This function is called by:
		_ADXL355_Read_Axis
		_I2C_Write_Byte
		_IIC_put
		_IIC_get
 This function uses a non-reentrant model


 *************** function _I2C_Start *****************
 Defined at:
		line 27 in file "my_i2c.c"
 Parameters:    Size  Location     Type
		None
 Auto vars:     Size  Location     Type
		None
 Return value:  Size  Location     Type
                  1    wreg      void 
 Registers used:
		wreg, status,2, status,0, cstack
 Tracked objects:
		On entry : 
		On exit  : 
		Unchanged: 
 Data sizes:     COMRAM   BANK0   BANK1   BANK2   BANK3   BANK4   BANK5
      Params:         0       0       0       0       0       0       0
      Locals:         0       0       0       0       0       0       0
      Temps:          0       0       0       0       0       0       0
      Totals:         0       0       0       0       0       0       0
Total ram usage:        0 bytes
 Hardware stack levels used:    1
 Hardware stack levels required when called:    1
 This function calls:
		_I2C_Idle
 This function is called by:
		_ADXL355_Read_Axis
		_I2C_Write_Byte
		_IIC_put
		_IIC_get
 This function uses a non-reentrant model


 *************** function _I2C_Idle *****************
 Defined at:
		line 52 in file "my_i2c.c"
 Parameters:    Size  Location     Type
		None
 Auto vars:     Size  Location     Type
		None
 Return value:  Size  Location     Type
                  1    wreg      void 
 Registers used:
		wreg, status,2, status,0
 Tracked objects:
		On entry : 
		On exit  : 
		Unchanged: 
 Data sizes:     COMRAM   BANK0   BANK1   BANK2   BANK3   BANK4   BANK5
      Params:         0       0       0       0       0       0       0
      Locals:         0       0       0       0       0       0       0
      Temps:          1       0       0       0       0       0       0
      Totals:         1       0       0       0       0       0       0
Total ram usage:        1 bytes
 Hardware stack levels used:    1
 This function calls:
		Nothing
 This function is called by:
		_I2C_Start
		_I2C_RepeatedStart
		_I2C_Stop
		_I2C_ReadByte
		_I2C_WriteByte
 This function uses a non-reentrant model


 *************** function _ADXL355_Convert_G *****************
 Defined at:
		line 83 in file "adxl355.c"
 Parameters:    Size  Location     Type
  raw_value      18   97[COMRAM] struct axis_value
 Auto vars:     Size  Location     Type
  g              12  115[COMRAM] struct g_value
 Return value:  Size  Location     Type
                  12   97[COMRAM] struct g_value
 Registers used:
		wreg, fsr0l, fsr0h, fsr2l, fsr2h, status,2, status,0, cstack
 Tracked objects:
		On entry : 
		On exit  : 
		Unchanged: 
 Data sizes:     COMRAM   BANK0   BANK1   BANK2   BANK3   BANK4   BANK5
      Params:        18       0       0       0       0       0       0
      Locals:        12       0       0       0       0       0       0
      Temps:          0       0       0       0       0       0       0
      Totals:        30       0       0       0       0       0       0
Total ram usage:       30 bytes
 Hardware stack levels used:    1
 Hardware stack levels required when called:    1
 This function calls:
		___fldiv
		___xxtofl
 This function is called by:
		_main
 This function uses a non-reentrant model


 *************** function ___xxtofl *****************
 Defined at:
		line 10 in file "C:\Program Files (x86)\Microchip\xc8\v1.40\sources\common\xxtofl.c"
 Parameters:    Size  Location     Type
  sign            1    wreg     unsigned char 
  val             4    0[COMRAM] long 
 Auto vars:     Size  Location     Type
  sign            1    8[COMRAM] unsigned char 
  arg             4   10[COMRAM] unsigned long 
  exp             1    9[COMRAM] unsigned char 
 Return value:  Size  Location     Type
                  4    0[COMRAM] unsigned char 
 Registers used:
		wreg, status,2, status,0
 Tracked objects:
		On entry : 
		On exit  : 
		Unchanged: 
 Data sizes:     COMRAM   BANK0   BANK1   BANK2   BANK3   BANK4   BANK5
      Params:         4       0       0       0       0       0       0
      Locals:         6       0       0       0       0       0       0
      Temps:          4       0       0       0       0       0       0
      Totals:        14       0       0       0       0       0       0
Total ram usage:       14 bytes
 Hardware stack levels used:    1
 This function calls:
		Nothing
 This function is called by:
		_ADXL355_Read_Axis
		_ADXL355_Convert_G
		_sprintf
 This function uses a non-reentrant model


 *************** function ___fldiv *****************
 Defined at:
		line 11 in file "C:\Program Files (x86)\Microchip\xc8\v1.40\sources\common\sprcdiv.c"
 Parameters:    Size  Location     Type
  b               4   72[COMRAM] unsigned char 
  a               4   76[COMRAM] unsigned char 
 Auto vars:     Size  Location     Type
  grs             4   91[COMRAM] unsigned long 
  rem             4   85[COMRAM] unsigned long 
  new_exp         2   89[COMRAM] int 
  aexp            1   96[COMRAM] unsigned char 
  bexp            1   95[COMRAM] unsigned char 
  sign            1   84[COMRAM] unsigned char 
 Return value:  Size  Location     Type
                  4   72[COMRAM] unsigned char 
 Registers used:
		wreg, status,2, status,0
 Tracked objects:
		On entry : 
		On exit  : 
		Unchanged: 
 Data sizes:     COMRAM   BANK0   BANK1   BANK2   BANK3   BANK4   BANK5
      Params:         8       0       0       0       0       0       0
      Locals:        13       0       0       0       0       0       0
      Temps:          4       0       0       0       0       0       0
      Totals:        25       0       0       0       0       0       0
Total ram usage:       25 bytes
 Hardware stack levels used:    1
 This function calls:
		Nothing
 This function is called by:
		_ADXL355_Read_Axis
		_ADXL355_Convert_G
 This function uses a non-reentrant model



MODULE INFORMATION

Module		Function		Class		Link	Load	Size
C:\Program Files (x86)\Microchip\xc8\v1.40\sources\common\flneg.c
		___flneg       		CODE           	5FB0	0000	33

C:\Program Files (x86)\Microchip\xc8\v1.40\sources\common\flneg.c estimated size: 33

serial.c
		_putrsserial   		CODE           	61C0	0000	75
		_writeserial   		CODE           	5E66	0000	9

serial.c estimated size: 84

my_i2c.c
		_I2C_Close     		CODE           	5E5A	0000	5
		_I2C_Idle      		CODE           	5EDA	0000	23
		_I2C_RepeatedStart		CODE           	5E9A	0000	13
		_I2C_Stop      		CODE           	5E8E	0000	13
		_I2C_WriteByte 		CODE           	606A	0000	45
		_I2C_Init      		CODE           	5F08	0000	27
		_I2C_ReadByte  		CODE           	613A	0000	63
		_I2C_Start     		CODE           	5E82	0000	13

my_i2c.c estimated size: 202

C:\Program Files (x86)\Microchip\xc8\v1.40\sources\common\doprnt.c
		_scale         		CODE           	725A	0000	291
		_sprintf       		CODE           	770E	0000	1625
		_fround        		CODE           	68FE	0000	219

C:\Program Files (x86)\Microchip\xc8\v1.40\sources\common\doprnt.c estimated size: 2135

adxl355.c
		_ADXL355_Init  		CODE           	5F92	0000	31
		_ADXL355_Read_Axis		CODE           	6E0E	0000	485
		_I2C_Write_Byte		CODE           	5F22	0000	29
		_ADXL355_Convert_G		CODE           	64F6	0000	153

adxl355.c estimated size: 698

C:\Program Files (x86)\Microchip\xc8\v1.40\sources\common\sprcmul.c
		___flmul       		CODE           	7032	0000	443

C:\Program Files (x86)\Microchip\xc8\v1.40\sources\common\sprcmul.c estimated size: 443

C:\Program Files (x86)\Microchip\xc8\v1.40\sources\common\flge.c
		___flge        		CODE           	63CE	0000	129

C:\Program Files (x86)\Microchip\xc8\v1.40\sources\common\flge.c estimated size: 129

C:\Program Files (x86)\Microchip\xc8\v1.40\sources\common\lbdiv.c
		___lbdiv       		CODE           	6096	0000	53

C:\Program Files (x86)\Microchip\xc8\v1.40\sources\common\lbdiv.c estimated size: 53

C:\Program Files (x86)\Microchip\xc8\v1.40\sources\common\sprcdiv.c
		___fldiv       		CODE           	6A6A	0000	415

C:\Program Files (x86)\Microchip\xc8\v1.40\sources\common\sprcdiv.c estimated size: 415

C:\Program Files (x86)\Microchip\xc8\v1.40\sources\common\ftdivl.c
		__tdiv_to_l_   		CODE           	6722	0000	193

C:\Program Files (x86)\Microchip\xc8\v1.40\sources\common\ftdivl.c estimated size: 193

dog104.c
		_WriteIns      		CODE           	5EB2	0000	21
		_WriteData     		CODE           	5EC6	0000	21
		_SetPostion    		CODE           	5E6E	0000	11
		_CheckBusy     		CODE           	5E5E	0000	9
		_ClrDisplay    		CODE           	5EA6	0000	13
		_DisplLines    		CODE           	60CA	0000	55
		_WriteString   		CODE           	5EF0	0000	15
		_IIC_get       		CODE           	6040	0000	43
		_IIC_put       		CODE           	5F3E	0000	29
		_DisplayOnOff  		CODE           	5E78	0000	11
		_initDispl     		CODE           	6178	0000	73

dog104.c estimated size: 301

C:\Program Files (x86)\Microchip\xc8\v1.40\sources\common\Umul16.c
		___wmul        		CODE           	5FF4	0000	39

C:\Program Files (x86)\Microchip\xc8\v1.40\sources\common\Umul16.c estimated size: 39

C:\Program Files (x86)\Microchip\xc8\v1.40\sources\common\awmod.c
		___awmod       		CODE           	6278	0000	105

C:\Program Files (x86)\Microchip\xc8\v1.40\sources\common\awmod.c estimated size: 105

C:\Program Files (x86)\Microchip\xc8\v1.40\sources\common\llmod.c
		___llmod       		CODE           	6216	0000	99

C:\Program Files (x86)\Microchip\xc8\v1.40\sources\common\llmod.c estimated size: 99

ES15007.c
		_ES15007_Init_Norm		CODE           	5E58	0000	3

ES15007.c estimated size: 3

C:\Program Files (x86)\Microchip\xc8\v1.40\sources\common\isdigit.c
		_isdigit       		CODE           	5F5A	0000	29

C:\Program Files (x86)\Microchip\xc8\v1.40\sources\common\isdigit.c estimated size: 29

shared
		PL12           		CODE           	73B4	0000	23
		PL50           		CODE           	7E00	0000	15
		PL8            		CODE           	7D66	0000	59
		PL22           		CODE           	73EA	0000	47
		PL60           		CODE           	7470	0000	13
		PL100          		CODE           	6A4C	0000	19
		PL32           		CODE           	69EC	0000	19
		PL70           		CODE           	7220	0000	15
		PL42           		CODE           	7008	0000	21
		PL80           		CODE           	6DF2	0000	21
		PL110          		CODE           	722E	0000	15
		PL14           		CODE           	73CA	0000	15
		PL52           		CODE           	7462	0000	15
		PL90           		CODE           	7E5A	0000	19
		PL24           		CODE           	7DAE	0000	21
		PL62           		CODE           	747C	0000	13
		PL120          		CODE           	68E6	0000	13
		PL34           		CODE           	742C	0000	13
		PL72           		CODE           	7492	0000	11
		PL44           		CODE           	7444	0000	31
		PL82           		CODE           	6C22	0000	11
		PL130          		CODE           	7028	0000	11
		PL16           		CODE           	7DA0	0000	15
		PL54           		CODE           	7E0E	0000	29
		PL92           		CODE           	76D2	0000	19
		PL26           		CODE           	7418	0000	21
		PL64           		CODE           	71F8	0000	17
		__powers_      		MEDIUMCONST    	7EEB	0000	53
		PL102          		CODE           	7E7E	0000	19
		PL140          		CODE           	7704	0000	11
		PL36           		CODE           	7438	0000	13
		PL74           		CODE           	6DB6	0000	21
		PL46           		CODE           	6A10	0000	13
		PL84           		CODE           	7E36	0000	19
		_dpowers       		MEDIUMCONST    	7F1F	0000	41
		PL112          		CODE           	76E4	0000	11
		PL150          		CODE           	7EA4	0000	11
		PL18           		CODE           	71EC	0000	13
		PL56           		CODE           	7E2A	0000	13
		PL94           		CODE           	7E6C	0000	19
		PL28           		CODE           	69E4	0000	9
		PL66           		CODE           	7208	0000	25
		PL122          		CODE           	68F2	0000	13
		PL38           		CODE           	6FF2	0000	23
		PL76           		CODE           	6DCA	0000	21
		PL48           		CODE           	7DEE	0000	19
		PL86           		CODE           	6A1C	0000	19
		PL132          		CODE           	723C	0000	11
		PL58           		CODE           	6C08	0000	27
		PL96           		CODE           	6A2E	0000	13
		PL68           		CODE           	7488	0000	11
		PL104          		CODE           	701C	0000	13
		PL142          		CODE           	5EFE	0000	11
		PL78           		CODE           	6DDE	0000	21
		PL88           		CODE           	7E48	0000	19
		PL114          		CODE           	76EE	0000	13
		PL152          		CODE           	7EAE	0000	9
		PL98           		CODE           	6A3A	0000	19
		__npowers_     		MEDIUMCONST    	7EB7	0000	53
		PL124          		CODE           	665A	0000	13
		__initialization		CODE           	5F76	0000	19
		PL134          		CODE           	6E06	0000	9
		PL106          		CODE           	6A5E	0000	13
		PL144          		CODE           	7E9A	0000	11
		PL116          		CODE           	67E2	0000	13
		PL126          		CODE           	76FA	0000	11
		PL136          		CODE           	7E90	0000	11
		PL108          		CODE           	749C	0000	11
		PL146          		CODE           	7250	0000	11
		PL118          		CODE           	644E	0000	13
		PL128          		CODE           	620A	0000	13
		PL138          		CODE           	7246	0000	11
		PL2            		CODE           	737C	0000	29
		PL148          		CODE           	74A6	0000	11
		PL10           		CODE           	658E	0000	31
		PL4            		CODE           	7398	0000	29
		PL20           		CODE           	73D8	0000	19
		sin@coeff_a    		MEDIUMCONST    	0000	0000	0
		sin@coeff_b    		MEDIUMCONST    	0000	0000	0
		PL30           		CODE           	7DC2	0000	45
		PL6            		CODE           	69D8	0000	13
		PL40           		CODE           	69FE	0000	19

shared estimated size: 1502

C:\Program Files (x86)\Microchip\xc8\v1.40\sources\common\sprcadd.c
		___flsub       		CODE           	6100	0000	59
		___fladd       		CODE           	74B0	0000	547

C:\Program Files (x86)\Microchip\xc8\v1.40\sources\common\sprcadd.c estimated size: 606

C:\Program Files (x86)\Microchip\xc8\v1.40\sources\common\fltol.c
		___fltol       		CODE           	645A	0000	157

C:\Program Files (x86)\Microchip\xc8\v1.40\sources\common\fltol.c estimated size: 157

C:\Program Files (x86)\Microchip\xc8\v1.40\sources\common\fldivl.c
		__div_to_l_    		CODE           	65AC	0000	175

C:\Program Files (x86)\Microchip\xc8\v1.40\sources\common\fldivl.c estimated size: 175

my_delays.c
		_Delay_ms      		CODE           	5FD0	0000	37

my_delays.c estimated size: 37

C:\Program Files (x86)\Microchip\xc8\v1.40\sources\common\xxtofl.c
		___xxtofl      		CODE           	67EE	0000	249

C:\Program Files (x86)\Microchip\xc8\v1.40\sources\common\xxtofl.c estimated size: 249

C:\Program Files (x86)\Microchip\xc8\v1.40\sources\common\awdiv.c
		___awdiv       		CODE           	6356	0000	121

C:\Program Files (x86)\Microchip\xc8\v1.40\sources\common\awdiv.c estimated size: 121

main.c
		_main          		CODE           	6C2C	0000	395

main.c estimated size: 395

C:\Program Files (x86)\Microchip\xc8\v1.40\sources\common\lbmod.c
		___lbmod       		CODE           	601A	0000	39

C:\Program Files (x86)\Microchip\xc8\v1.40\sources\common\lbmod.c estimated size: 39

C:\Program Files (x86)\Microchip\xc8\v1.40\sources\common\lldiv.c
		___lldiv       		CODE           	62E0	0000	119

C:\Program Files (x86)\Microchip\xc8\v1.40\sources\common\lldiv.c estimated size: 119

C:\Program Files (x86)\Microchip\xc8\v1.40\sources\common\aldiv.c
		___aldiv       		CODE           	6666	0000	189

C:\Program Files (x86)\Microchip\xc8\v1.40\sources\common\aldiv.c estimated size: 189

